// Jest Snapshot v1, https://goo.gl/fbAQLP

exports[`<Cards/> Deveria renderizar na tela um container com cards ao injetar os personagens 1`] = `
<div>
  <section
    class="sc-gZGWnS jlbgph"
    data-testid="id-cards-container"
  >
    <button
      class="sc-cLrhaH jMQJbC"
      data-testid="id-cards-content"
    >
      <div
        class="sc-kvAqsT dvzAXP"
        data-testid="id-card-container"
      >
        <h2
          class="sc-cdtKKh gUWuCS"
          data-testid="id-typograph-name-content"
        >
          3-D Man
        </h2>
        <img
          alt="Image for character 3-D Man"
          class="sc-grJzXs jvyAXi"
          data-testid="id-img-content"
          src="http://i.annihil.us/u/prod/marvel/i/mg/c/e0/535fecbbb9784.jpg"
        />
      </div>
    </button>
    <button
      class="sc-cLrhaH jMQJbC"
      data-testid="id-cards-content"
    >
      <div
        class="sc-kvAqsT dvzAXP"
        data-testid="id-card-container"
      >
        <h2
          class="sc-cdtKKh gUWuCS"
          data-testid="id-typograph-name-content"
        >
          Hulk
        </h2>
        <img
          alt="Image for character Hulk"
          class="sc-grJzXs jvyAXi"
          data-testid="id-img-content"
          src="http://i.annihil.us/u/prod/marvel/i/mg/c/e0/535fecbbb9784.jpg"
        />
      </div>
    </button>
  </section>
</div>
`;

exports[`<Cards/> Deveria renderizar na tela um container dos Cards 1`] = `
<div>
  <section
    class="sc-gZGWnS jlbgph"
    data-testid="id-cards-container"
  />
</div>
`;
